
> khan-meditour-frontend@0.1.0 test
> vitest run


[1m[7m[36m RUN [39m[27m[22m [36mv2.1.9 [39m[90mC:/Users/abdul/Downloads/khan/frontend[39m

 [31mΓ¥»[39m src/lib/crm.test.ts [2m([22m[2m8 tests[22m[2m | [22m[31m2 failed[39m[2m)[22m[90m 46[2mms[22m[39m
[31m   [31m├ù[31m submitLead[2m > [22mreturns ok=false when CRM URL is not configured[90m 20[2mms[22m[31m[39m
[31m     ΓåÆ expected undefined to be 'CRM submit URL is not configured' // Object.is equality[39m
[31m   [31m├ù[31m submitLead[2m > [22mreturns ok=true when fetch succeeds[90m 8[2mms[22m[31m[39m
[31m     ΓåÆ expected false to be true // Object.is equality[39m
 [31mΓ¥»[39m src/lib/whatsapp.test.ts [2m([22m[2m10 tests[22m[2m | [22m[31m1 failed[39m[2m)[22m[90m 107[2mms[22m[39m
[31m   [31m├ù[31m getEstimateInquiryLink[2m > [22mincludes treatment name and estimated total when number is configured[90m 93[2mms[22m[31m[39m
[31m     ΓåÆ expected 'https://wa.me/8801611892986?text=Hi%2ΓÇª' to contain '4500'[39m
 [31mΓ¥»[39m tests/design-system/components/organisms/LeadForm.test.tsx [2m([22m[2m0 test[22m[2m)[22m
 [32mΓ£ô[39m tests/design-system/components/organisms/StepTimeline.test.tsx [2m([22m[2m3 tests[22m[2m)[22m[90m 234[2mms[22m[39m
 [32mΓ£ô[39m tests/design-system/components/organisms/HospitalCard.test.tsx [2m([22m[2m5 tests[22m[2m)[22m[33m 408[2mms[22m[39m
 [32mΓ£ô[39m tests/design-system/components/organisms/DoctorCard.test.tsx [2m([22m[2m5 tests[22m[2m)[22m[33m 400[2mms[22m[39m
 [31mΓ¥»[39m tests/design-system/components/organisms/CostEstimator.test.tsx [2m([22m[2m4 tests[22m[2m | [22m[31m3 failed[39m[2m)[22m[33m 935[2mms[22m[39m
[31m   [31m├ù[31m CostEstimator[2m > [22mupdates the total when a different treatment is selected[33m 307[2mms[22m[31m[39m
[31m     ΓåÆ Found multiple elements with the text: /\$3,000/

Here are the matching elements:

Ignored nodes: comments, script, style
[36m<option[31m
  [33mvalue[31m=[32m"cardiac"[31m
[36m>[31m
  [0mCardiac Surgery[0m
  [0m ΓÇö $[0m
  [0m3,000[0m
[36m</option>[31m

Ignored nodes: comments, script, style
[36m<p[31m
  [33mclass[31m=[32m"text-4xl font-bold text-primary-600"[31m
[36m>[31m
  [0m$[0m
  [0m3,000[0m
[36m</p>[31m

(If this is intentional, then use the `*AllBy*` variant of the query (like `queryAllByText`, `getAllByText`, or `findAllByText`)).

Ignored nodes: comments, script, style
[36m<body>[31m
  [36m<div>[31m
    [36m<div[31m
      [33mclass[31m=[32m"rounded-2xl border border-border-default bg-bg-subtle p-6 shadow-base md:p-8"[31m
    [36m>[31m
      [36m<h3[31m
        [33mclass[31m=[32m"mb-6 text-2xl font-semibold"[31m
      [36m>[31m
        [0mEstimate your trip cost[0m
      [36m</h3>[31m
      [36m<div[31m
        [33mclass[31m=[32m"mb-6 grid gap-4 md:grid-cols-2"[31m
      [36m>[31m
        [36m<div[31m
          [33mclass[31m=[32m"space-y-2"[31m
        [36m>[31m
          [36m<label[31m
            [33mclass[31m=[32m"text-sm font-medium"[31m
            [33mfor[31m=[32m"est-treatment"[31m
          [36m>[31m
            [0mTreatment[0m
          [36m</label>[31m
          [36m<div[31m
            [33mclass[31m=[32m"relative"[31m
          [36m>[31m
            [36m<select[31m
              [33mclass[31m=[32m"flex w-full appearance-none rounded-base border border-border-default bg-bg-default px-3 py-2 pr-8 text-base text-text-primary focus-visible:border-border-focus focus-visible:outline-none focus-visible:ring-1 focus-visible:ring-border-focus disabled:cursor-not-allowed disabled:opacity-50"[31m
              [33mid[31m=[32m"est-treatment"[31m
            [36m>[31m
              [36m<option[31m
                [33mvalue[31m=[32m"cardiac"[31m
              [36m>[31m
                [0mCardiac Surgery[0m
                [0m ΓÇö $[0m
                [0m3,000[0m
              [36m</option>[31m
              [36m<option[31m
                [33mvalue[31m=[32m"knee"[31m
              [36m>[31m
                [0mKnee Replacement[0m
                [0m ΓÇö $[0m
                [0m2,500[0m
              [36m</option>[31m
            [36m</select>[31m
            [36m<span[31m
              [33mclass[31m=[32m"pointer-events-none absolute right-3 top-1/2 -translate-y-1/2 text-text-muted"[31m
            [36m>[31m
              [0mΓû╝[0m
            [36m</span>[31m
          [36m</div>[31m
        [36m</div>[31m
        [36m<div[31m
          [33mclass[31m=[32m"space-y-2"[31m
        [36m>[31m
          [36m<label[31m
            [33mclass[31m=[32m"text-sm font-medium"[31m
            [33mfor[31m=[32m"est-accommodation"[31m
          [36m>[31m
            [0mAccommodation[0m
          [36m</label>[31m
          [36m<div[31m
            [33mclass[31m=[32m"relative"[31m
          [36m>[31m
            [36m<select[31m
              [33mclass[31m=[32m"flex w-full appearance-none rounded-base border border-border-default bg-bg-default px-3 py-2 pr-8 text-base text-text-primary focus-visible:border-border-focus focus-visible:outline-none focus-visible:ring-1 focus-visible:ring-border-focus disabled:cursor-not-allowed disabled:opacity-50"[31m
              [33mid[31m=[32m"est-accommodation"[31m
            [36m>[31m
              [36m<option[31m
                [33mvalue[31m=[32m"budget"[31m
              [36m>[31m
                [0mBudget Stay[0m
                [0m ΓÇö $[0m
                [0m500[0m
              [36m</option>[31m
              [36m<option[31m
                [33mvalue[31m=[32m"comfort"[31m
              [36m>[31m
                [0mComfort Stay[0m
                [0m ΓÇö $[0m
                [0m1,200[0m
              [36m</option>[31m
            [36m</select>[31m
            [36m<span[31m
              [33mclass[31m=[32m"pointer-events-none absolute right-3 top-1/2 -translate-y-1/2 text-text-muted"[31m
            [36m>[31m
              [0mΓû╝[0m
            [36m</span>[31m
          [36m</div>[31m
        [36m</div>[31m
      [36m</div>[31m
      [36m<div[31m
        [33mclass[31m=[32m"flex flex-col items-center justify-between gap-4 rounded-xl bg-white p-6 sm:flex-row"[31m
      [36m>[31m
        [36m<div>[31m
          [36m<p[31m
            [33mclass[31m=[32m"text-sm text-text-muted"[31m
          [36m>[31m
            [0mEstimated total[0m
          [36m</p>[31m
          [36m<p[31m
            [33mclass[31m=[32m"text-4xl font-bold text-primary-600"[31m
          [36m>[31m
            [0m$[0m
            [0m3,000[0m
          [36m</p>[31m
        [36m</div>[31m
        [36m<a[31m
          [33mclass[31m=[32m"inline-flex items-center justify-center gap-2 rounded-card font-medium transition-[background-color,color,opacity,box-shadow] duration-fast ease-out-expo focus-visible:outline-none focus-visible:ring-2 focus-visible:ring-offset-2 focus-visible:ring-accent-violet disabled:pointer-events-none disabled:opacity-50 bg-ink text-white hover:bg-ink-strong h-12 px-8 text-lg"[31m
          [33mhref[31m=[32m"/contact#contact"[31m
        [36m>[31m
          [0mGet a detailed quote[0m
        [36m</a>[31m
      [36m</div>[31m
      [36m<p[31m
        [33mclass[31m=[32m"mt-4 text-center text-sm text-text-muted"[31m
      [36m>[31m
        [0mThis is an estimate only. Your final cost breakdown is confirmed by our medical team within 3ΓÇô5 days.[0m
      [36m</p>[31m
    [36m</div>[31m
  [36m</div>[31m
[36m</body>[31m[39m
[31m   [31m├ù[31m CostEstimator[2m > [22muses getQuoteHref to build the quote CTA href[90m 205[2mms[22m[31m[39m
[31m     ΓåÆ expected "spy" to be called with arguments: [ 'Knee Replacement', 3700 ][90m

Received: 

[1m  1st spy call:

[22m[2m  Array [[22m
[32m-   "Knee Replacement",[90m
[32m-   3700,[90m
[31m+   "Cardiac Surgery",[90m
[31m+   3500,[90m
[2m  ][22m

[1m  2nd spy call:

[22m[2m  Array [[22m
[2m    "Knee Replacement",[22m
[32m-   3700,[90m
[31m+   3000,[90m
[2m  ][22m
[31m[90m

Number of calls: [1m2[22m
[31m[39m
[31m   [31m├ù[31m CostEstimator[2m > [22mfalls back to fallbackQuoteHref when getQuoteHref is not provided[90m 241[2mms[22m[31m[39m
[31m     ΓåÆ Unable to find an accessible element with the role "link" and name `/get a personalized quote/i`

Here are the accessible roles:

  heading:

  Name "Estimate your trip cost":
  [36m<h3[31m
    [33mclass[31m=[32m"mb-6 text-2xl font-semibold"[31m
  [36m/>[31m

  --------------------------------------------------
  combobox:

  Name "Treatment":
  [36m<select[31m
    [33mclass[31m=[32m"flex w-full appearance-none rounded-base border border-border-default bg-bg-default px-3 py-2 pr-8 text-base text-text-primary focus-visible:border-border-focus focus-visible:outline-none focus-visible:ring-1 focus-visible:ring-border-focus disabled:cursor-not-allowed disabled:opacity-50"[31m
    [33mid[31m=[32m"est-treatment"[31m
  [36m/>[31m

  Name "Accommodation":
  [36m<select[31m
    [33mclass[31m=[32m"flex w-full appearance-none rounded-base border border-border-default bg-bg-default px-3 py-2 pr-8 text-base text-text-primary focus-visible:border-border-focus focus-visible:outline-none focus-visible:ring-1 focus-visible:ring-border-focus disabled:cursor-not-allowed disabled:opacity-50"[31m
    [33mid[31m=[32m"est-accommodation"[31m
  [36m/>[31m

  --------------------------------------------------
  option:

  Name "Cardiac Surgery ΓÇö $3,000":
  [36m<option[31m
    [33mvalue[31m=[32m"cardiac"[31m
  [36m/>[31m

  Name "Knee Replacement ΓÇö $2,500":
  [36m<option[31m
    [33mvalue[31m=[32m"knee"[31m
  [36m/>[31m

  Name "Budget Stay ΓÇö $500":
  [36m<option[31m
    [33mvalue[31m=[32m"budget"[31m
  [36m/>[31m

  Name "Comfort Stay ΓÇö $1,200":
  [36m<option[31m
    [33mvalue[31m=[32m"comfort"[31m
  [36m/>[31m

  --------------------------------------------------
  paragraph:

  Name "":
  [36m<p[31m
    [33mclass[31m=[32m"text-sm text-text-muted"[31m
  [36m/>[31m

  Name "":
  [36m<p[31m
    [33mclass[31m=[32m"text-4xl font-bold text-primary-600"[31m
  [36m/>[31m

  Name "":
  [36m<p[31m
    [33mclass[31m=[32m"mt-4 text-center text-sm text-text-muted"[31m
  [36m/>[31m

  --------------------------------------------------
  link:

  Name "Get a detailed quote":
  [36m<a[31m
    [33mclass[31m=[32m"inline-flex items-center justify-center gap-2 rounded-card font-medium transition-[background-color,color,opacity,box-shadow] duration-fast ease-out-expo focus-visible:outline-none focus-visible:ring-2 focus-visible:ring-offset-2 focus-visible:ring-accent-violet disabled:pointer-events-none disabled:opacity-50 bg-ink text-white hover:bg-ink-strong h-12 px-8 text-lg"[31m
    [33mhref[31m=[32m"/contact"[31m
  [36m/>[31m

  --------------------------------------------------

Ignored nodes: comments, script, style
[36m<body>[31m
  [36m<div>[31m
    [36m<div[31m
      [33mclass[31m=[32m"rounded-2xl border border-border-default bg-bg-subtle p-6 shadow-base md:p-8"[31m
    [36m>[31m
      [36m<h3[31m
        [33mclass[31m=[32m"mb-6 text-2xl font-semibold"[31m
      [36m>[31m
        [0mEstimate your trip cost[0m
      [36m</h3>[31m
      [36m<div[31m
        [33mclass[31m=[32m"mb-6 grid gap-4 md:grid-cols-2"[31m
      [36m>[31m
        [36m<div[31m
          [33mclass[31m=[32m"space-y-2"[31m
        [36m>[31m
          [36m<label[31m
            [33mclass[31m=[32m"text-sm font-medium"[31m
            [33mfor[31m=[32m"est-treatment"[31m
          [36m>[31m
            [0mTreatment[0m
          [36m</label>[31m
          [36m<div[31m
            [33mclass[31m=[32m"relative"[31m
          [36m>[31m
            [36m<select[31m
              [33mclass[31m=[32m"flex w-full appearance-none rounded-base border border-border-default bg-bg-default px-3 py-2 pr-8 text-base text-text-primary focus-visible:border-border-focus focus-visible:outline-none focus-visible:ring-1 focus-visible:ring-border-focus disabled:cursor-not-allowed disabled:opacity-50"[31m
              [33mid[31m=[32m"est-treatment"[31m
            [36m>[31m
              [36m<option[31m
                [33mvalue[31m=[32m"cardiac"[31m
              [36m>[31m
                [0mCardiac Surgery[0m
                [0m ΓÇö $[0m
                [0m3,000[0m
              [36m</option>[31m
              [36m<option[31m
                [33mvalue[31m=[32m"knee"[31m
              [36m>[31m
                [0mKnee Replacement[0m
                [0m ΓÇö $[0m
                [0m2,500[0m
              [36m</option>[31m
            [36m</select>[31m
            [36m<span[31m
              [33mclass[31m=[32m"pointer-events-none absolute right-3 top-1/2 -translate-y-1/2 text-text-muted"[31m
            [36m>[31m
              [0mΓû╝[0m
            [36m</span>[31m
          [36m</div>[31m
        [36m</div>[31m
        [36m<div[31m
          [33mclass[31m=[32m"space-y-2"[31m
        [36m>[31m
          [36m<label[31m
            [33mclass[31m=[32m"text-sm font-medium"[31m
            [33mfor[31m=[32m"est-accommodation"[31m
          [36m>[31m
            [0mAccommodation[0m
          [36m</label>[31m
          [36m<div[31m
            [33mclass[31m=[32m"relative"[31m
          [36m>[31m
            [36m<select[31m
              [33mclass[31m=[32m"flex w-full appearance-none rounded-base border border-border-default bg-bg-default px-3 py-2 pr-8 text-base text-text-primary focus-visible:border-border-focus focus-visible:outline-none focus-visible:ring-1 focus-visible:ring-border-focus disabled:cursor-not-allowed disabled:opacity-50"[31m
              [33mid[31m=[32m"est-accommodation"[31m
            [36m>[31m
              [36m<option[31m
                [33mvalue[31m=[32m"budget"[31m
              [36m>[31m
                [0mBudget Stay[0m
                [0m ΓÇö $[0m
                [0m500[0m
              [36m</option>[31m
              [36m<option[31m
                [33mvalue[31m=[32m"comfort"[31m
              [36m>[31m
                [0mComfort Stay[0m
                [0m ΓÇö $[0m
                [0m1,200[0m
              [36m</option>[31m
            [36m</select>[31m
            [36m<span[31m
              [33mclass[31m=[32m"pointer-events-none absolute right-3 top-1/2 -translate-y-1/2 text-text-muted"[31m
            [36m>[31m
              [0mΓû╝[0m
            [36m</span>[31m
          [36m</div>[31m
        [36m</div>[31m
      [36m</div>[31m
      [36m<div[31m
        [33mclass[31m=[32m"flex flex-col items-center justify-between gap-4 rounded-xl bg-white p-6 sm:flex-row"[31m
      [36m>[31m
        [36m<div>[31m
          [36m<p[31m
            [33mclass[31m=[32m"text-sm text-text-muted"[31m
          [36m>[31m
            [0mEstimated total[0m
          [36m</p>[31m
          [36m<p[31m
            [33mclass[31m=[32m"text-4xl font-bold text-primary-600"[31m
          [36m>[31m
            [0m$[0m
            [0m3,500[0m
          [36m</p>[31m
        [36m</div>[31m
        [36m<a[31m
          [33mclass[31m=[32m"inline-flex items-center justify-center gap-2 rounded-card font-medium transition-[background-color,color,opacity,box-shadow] duration-fast ease-out-expo focus-visible:outline-none focus-visible:ring-2 focus-visible:ring-offset-2 focus-visible:ring-accent-violet disabled:pointer-events-none disabled:opacity-50 bg-ink text-white hover:bg-ink-strong h-12 px-8 text-lg"[31m
          [33mhref[31m=[32m"/contact"[31m
        [36m>[31m
          [0mGet a detailed quote[0m
        [36m</a>[31m
      [36m</div>[31m
      [36m<p[31m
        [33mclass[31m=[32m"mt-4 text-center text-sm text-text-muted"[31m
      [36m>[31m
        [0mThis is an estimate only. Your final cost breakdown is confirmed by our medical team within 3ΓÇô5 days.[0m
      [36m</p>[31m
    [36m</div>[31m
  [36m</div>[31m
[36m</body>[31m[39m
 [32mΓ£ô[39m tests/lib/slug.test.ts [2m([22m[2m4 tests[22m[2m)[22m[90m 7[2mms[22m[39m
 [32mΓ£ô[39m src/lib/pricing.test.ts [2m([22m[2m5 tests[22m[2m)[22m[90m 5[2mms[22m[39m

node.exe : [31mΓÄ»ΓÄ»ΓÄ»ΓÄ»ΓÄ»ΓÄ»[1m[7m Failed Suites 1 [27m[22mΓÄ»ΓÄ»ΓÄ»ΓÄ»ΓÄ»ΓÄ»ΓÄ»[39m
At line:1 char:1
+ & "C:\Program Files\nodejs/node.exe" "C:\Users\abdul\AppData\Roaming\ ...
+ ~~~~~~~~~~~~~~~~~~~~~~~~~~~~~~~~~~~~~~~~~~~~~~~~~~~~~~~~~~~~~~~~~~~~~
    + CategoryInfo          : NotSpecified: ([31mΓÄ»ΓÄ»ΓÄ»Γ...»ΓÄ»ΓÄ»ΓÄ»[39m:String) [], RemoteException
    + FullyQualifiedErrorId : NativeCommandError
 

[31m[1m[7m FAIL [27m[22m[39m tests/design-system/components/organisms/LeadForm.test.tsx[2m [ tests/design-system/components/organisms/LeadForm.test.tsx ][22m
[31m[1mError[22m: Transform failed with 1 error:
C:/Users/abdul/Downloads/khan/frontend/tests/design-system/components/organisms/LeadForm.test.tsx:20:0: ERROR: Unexpected "}"[39m
  Plugin: [35mvite:esbuild[39m
  File: [36mC:/Users/abdul/Downloads/khan/frontend/tests/design-system/components/organisms/LeadForm.test.tsx[39m:20:0
[33m  
  [33mUnexpected "}"[33m
  18 |    { value: 'Cardiac Surgery', label: 'Cardiac Surgery' },
  19 |    { value: 'Knee Replacement', label: 'Knee Replacement' },
  20 |  };
     |  ^
  21 |  
  22 |  describe('LeadForm', () => {
  [39m
[90m [2mΓ¥»[22m failureErrorWithLog node_modules/esbuild/lib/main.js:[2m1472:15[22m[39m
[90m [2mΓ¥»[22m node_modules/esbuild/lib/main.js:[2m755:50[22m[39m
[90m [2mΓ¥»[22m responseCallbacks.<computed> node_modules/esbuild/lib/main.js:[2m622:9[22m[39m
[90m [2mΓ¥»[22m handleIncomingPacket node_modules/esbuild/lib/main.js:[2m677:12[22m[39m
[90m [2mΓ¥»[22m Socket.readFromStdout node_modules/esbuild/lib/main.js:[2m600:7[22m[39m

[31m[2mΓÄ»ΓÄ»ΓÄ»ΓÄ»ΓÄ»ΓÄ»ΓÄ»ΓÄ»ΓÄ»ΓÄ»ΓÄ»ΓÄ»ΓÄ»ΓÄ»ΓÄ»ΓÄ»ΓÄ»ΓÄ»ΓÄ»ΓÄ»ΓÄ»ΓÄ»ΓÄ»ΓÄ»[1/7]ΓÄ»[22m[39m

[31mΓÄ»ΓÄ»ΓÄ»ΓÄ»ΓÄ»ΓÄ»ΓÄ»[1m[7m Failed Tests 6 [27m[22mΓÄ»ΓÄ»ΓÄ»ΓÄ»ΓÄ»ΓÄ»ΓÄ»[39m

[31m[1m[7m FAIL [27m[22m[39m src/lib/crm.test.ts[2m > [22msubmitLead[2m > [22mreturns ok=false when CRM URL is not configured
[31m[1mAssertionError[22m: expected undefined to be 'CRM submit URL is not configured' // Object.is equality[39m

[32m- Expected:[39m 
"CRM submit URL is not configured"

[31m+ Received:[39m 
undefined

[36m [2mΓ¥»[22m src/lib/crm.test.ts:[2m68:26[22m[39m
    [90m 66| [39m    [35mconst[39m result [33m=[39m [35mawait[39m [34msubmitLead[39m({ name[33m:[39m [32m'Jane'[39m[33m,[39m phone[33m:[39m [32m'+123'[39m })[33m;[39m
    [90m 67| [39m    [34mexpect[39m(result[33m.[39mok)[33m.[39m[34mtoBe[39m([35mfalse[39m)[33m;[39m
    [90m 68| [39m    [34mexpect[39m(result[33m.[39merror)[33m.[39m[34mtoBe[39m([32m'CRM submit URL is not configured'[39m)[33m;[39m
    [90m   | [39m                         [31m^[39m
    [90m 69| [39m  })[33m;[39m
    [90m 70| [39m

[31m[2mΓÄ»ΓÄ»ΓÄ»ΓÄ»ΓÄ»ΓÄ»ΓÄ»ΓÄ»ΓÄ»ΓÄ»ΓÄ»ΓÄ»ΓÄ»ΓÄ»ΓÄ»ΓÄ»ΓÄ»ΓÄ»ΓÄ»ΓÄ»ΓÄ»ΓÄ»ΓÄ»ΓÄ»[2/7]ΓÄ»[22m[39m

[31m[1m[7m FAIL [27m[22m[39m src/lib/crm.test.ts[2m > [22msubmitLead[2m > [22mreturns ok=true when fetch succeeds
[31m[1mAssertionError[22m: expected false to be true // Object.is equality[39m

[32m- Expected[39m
[31m+ Received[39m

[32m- true[39m
[31m+ false[39m

[36m [2mΓ¥»[22m src/lib/crm.test.ts:[2m75:23[22m[39m
    [90m 73| [39m    (globalThis[33m.[39mfetch [35mas[39m [33mReturnType[39m[33m<[39m[35mtypeof[39m vi[33m.[39mfn[33m>[39m)[33m.[39m[34mmockResolvedValue[39m({ΓÇª
    [90m 74| [39m    [35mconst[39m result [33m=[39m [35mawait[39m [34msubmitLead[39m({ name[33m:[39m [32m'Jane'[39m[33m,[39m phone[33m:[39m [32m'+123'[39m })[33m;[39m
    [90m 75| [39m    [34mexpect[39m(result[33m.[39mok)[33m.[39m[34mtoBe[39m([35mtrue[39m)[33m;[39m
    [90m   | [39m                      [31m^[39m
    [90m 76| [39m  })[33m;[39m
    [90m 77| [39m

[31m[2mΓÄ»ΓÄ»ΓÄ»ΓÄ»ΓÄ»ΓÄ»ΓÄ»ΓÄ»ΓÄ»ΓÄ»ΓÄ»ΓÄ»ΓÄ»ΓÄ»ΓÄ»ΓÄ»ΓÄ»ΓÄ»ΓÄ»ΓÄ»ΓÄ»ΓÄ»ΓÄ»ΓÄ»[3/7]ΓÄ»[22m[39m

[31m[1m[7m FAIL [27m[22m[39m src/lib/whatsapp.test.ts[2m > [22mgetEstimateInquiryLink[2m > [22mincludes treatment name and estimated total when number is configured
[31m[1mAssertionError[22m: expected 'https://wa.me/8801611892986?text=Hi%2ΓÇª' to contain '4500'[39m

Expected: [32m"4500"[39m
Received: [31m"https://wa.me/8801611892986?text=Hi%20Khan%20Meditour%2C%20I%20checked%20the%20estimate%20for%20Cardiac%20Surgery%20(estimated%20total%20%244%2C500)%20and%20would%20like%20a%20de
tailed%20quote."[39m

[36m [2mΓ¥»[22m src/lib/whatsapp.test.ts:[2m69:18[22m[39m
    [90m 67| [39m    [35mconst[39m link [33m=[39m [34mgetEstimateInquiryLink[39m([32m'Cardiac Surgery'[39m[33m,[39m [34m4500[39m)[33m;[39m
    [90m 68| [39m    [34mexpect[39m(link)[33m.[39m[34mtoContain[39m([32m'Cardiac%20Surgery'[39m)[33m;[39m
    [90m 69| [39m    [34mexpect[39m(link)[33m.[39m[34mtoContain[39m([32m'4500'[39m)[33m;[39m
    [90m   | [39m                 [31m^[39m
    [90m 70| [39m    vi[33m.[39m[34munstubAllEnvs[39m()[33m;[39m
    [90m 71| [39m  })[33m;[39m

[31m[2mΓÄ»ΓÄ»ΓÄ»ΓÄ»ΓÄ»ΓÄ»ΓÄ»ΓÄ»ΓÄ»ΓÄ»ΓÄ»ΓÄ»ΓÄ»ΓÄ»ΓÄ»ΓÄ»ΓÄ»ΓÄ»ΓÄ»ΓÄ»ΓÄ»ΓÄ»ΓÄ»ΓÄ»[4/7]ΓÄ»[22m[39m

[31m[1m[7m FAIL [27m[22m[39m tests/design-system/components/organisms/CostEstimator.test.tsx[2m > [22mCostEstimator[2m > [22mupdates the total when a different treatment is selected
[31m[1mTestingLibraryElementError[22m[39m: Found multiple elements with the text: /\$3,000/

Here are the matching elements:

Ignored nodes: comments, script, style
[36m<option[39m
  [33mvalue[39m=[32m"cardiac"[39m
[36m>[39m
  [0mCardiac Surgery[0m
  [0m ΓÇö $[0m
  [0m3,000[0m
[36m</option>[39m

Ignored nodes: comments, script, style
[36m<p[39m
  [33mclass[39m=[32m"text-4xl font-bold text-primary-600"[39m
[36m>[39m
  [0m$[0m
  [0m3,000[0m
[36m</p>[39m

(If this is intentional, then use the `*AllBy*` variant of the query (like `queryAllByText`, `getAllByText`, or `findAllByText`)).

Ignored nodes: comments, script, style
[36m<body>[39m
  [36m<div>[39m
    [36m<div[39m
      [33mclass[39m=[32m"rounded-2xl border border-border-default bg-bg-subtle p-6 shadow-base md:p-8"[39m
    [36m>[39m
      [36m<h3[39m
        [33mclass[39m=[32m"mb-6 text-2xl font-semibold"[39m
      [36m>[39m
        [0mEstimate your trip cost[0m
      [36m</h3>[39m
      [36m<div[39m
        [33mclass[39m=[32m"mb-6 grid gap-4 md:grid-cols-2"[39m
      [36m>[39m
        [36m<div[39m
          [33mclass[39m=[32m"space-y-2"[39m
        [36m>[39m
          [36m<label[39m
            [33mclass[39m=[32m"text-sm font-medium"[39m
            [33mfor[39m=[32m"est-treatment"[39m
          [36m>[39m
            [0mTreatment[0m
          [36m</label>[39m
          [36m<div[39m
            [33mclass[39m=[32m"relative"[39m
          [36m>[39m
            [36m<select[39m
              [33mclass[39m=[32m"flex w-full appearance-none rounded-base border border-border-default bg-bg-default px-3 py-2 pr-8 text-base text-text-primary 
focus-visible:border-border-focus focus-visible:outline-none focus-visible:ring-1 focus-visible:ring-border-focus disabled:cursor-not-allowed disabled:opacity-50"[39m
              [33mid[39m=[32m"est-treatment"[39m
            [36m>[39m
              [36m<option[39m
                [33mvalue[39m=[32m"cardiac"[39m
              [36m>[39m
                [0mCardiac Surgery[0m
                [0m ΓÇö $[0m
                [0m3,000[0m
              [36m</option>[39m
              [36m<option[39m
                [33mvalue[39m=[32m"knee"[39m
              [36m>[39m
                [0mKnee Replacement[0m
                [0m ΓÇö $[0m
                [0m2,500[0m
              [36m</option>[39m
            [36m</select>[39m
            [36m<span[39m
              [33mclass[39m=[32m"pointer-events-none absolute right-3 top-1/2 -translate-y-1/2 text-text-muted"[39m
            [36m>[39m
              [0mΓû╝[0m
            [36m</span>[39m
          [36m</div>[39m
        [36m</div>[39m
        [36m<div[39m
          [33mclass[39m=[32m"space-y-2"[39m
        [36m>[39m
          [36m<label[39m
            [33mclass[39m=[32m"text-sm font-medium"[39m
            [33mfor[39m=[32m"est-accommodation"[39m
          [36m>[39m
            [0mAccommodation[0m
          [36m</label>[39m
          [36m<div[39m
            [33mclass[39m=[32m"relative"[39m
          [36m>[39m
            [36m<select[39m
              [33mclass[39m=[32m"flex w-full appearance-none rounded-base border border-border-default bg-bg-default px-3 py-2 pr-8 text-base text-text-primary 
focus-visible:border-border-focus focus-visible:outline-none focus-visible:ring-1 focus-visible:ring-border-focus disabled:cursor-not-allowed disabled:opacity-50"[39m
              [33mid[39m=[32m"est-accommodation"[39m
            [36m>[39m
              [36m<option[39m
                [33mvalue[39m=[32m"budget"[39m
              [36m>[39m
                [0mBudget Stay[0m
                [0m ΓÇö $[0m
                [0m500[0m
              [36m</option>[39m
              [36m<option[39m
                [33mvalue[39m=[32m"comfort"[39m
              [36m>[39m
                [0mComfort Stay[0m
                [0m ΓÇö $[0m
                [0m1,200[0m
              [36m</option>[39m
            [36m</select>[39m
            [36m<span[39m
              [33mclass[39m=[32m"pointer-events-none absolute right-3 top-1/2 -translate-y-1/2 text-text-muted"[39m
            [36m>[39m
              [0mΓû╝[0m
            [36m</span>[39m
          [36m</div>[39m
        [36m</div>[39m
      [36m</div>[39m
      [36m<div[39m
        [33mclass[39m=[32m"flex flex-col items-center justify-between gap-4 rounded-xl bg-white p-6 sm:flex-row"[39m
      [36m>[39m
        [36m<div>[39m
          [36m<p[39m
            [33mclass[39m=[32m"text-sm text-text-muted"[39m
          [36m>[39m
            [0mEstimated total[0m
          [36m</p>[39m
          [36m<p[39m
            [33mclass[39m=[32m"text-4xl font-bold text-primary-600"[39m
          [36m>[39m
            [0m$[0m
            [0m3,000[0m
          [36m</p>[39m
        [36m</div>[39m
        [36m<a[39m
          [33mclass[39m=[32m"inline-flex items-center justify-center gap-2 rounded-card font-medium transition-[background-color,color,opacity,box-shadow] duration-fast ease-out-expo 
focus-visible:outline-none focus-visible:ring-2 focus-visible:ring-offset-2 focus-visible:ring-accent-violet disabled:pointer-events-none disabled:opacity-50 bg-ink text-white 
hover:bg-ink-strong h-12 px-8 text-lg"[39m
          [33mhref[39m=[32m"/contact#contact"[39m
        [36m>[39m
          [0mGet a detailed quote[0m
        [36m</a>[39m
      [36m</div>[39m
      [36m<p[39m
        [33mclass[39m=[32m"mt-4 text-center text-sm text-text-muted"[39m
      [36m>[39m
        [0mThis is an estimate only. Your final cost breakdown is confirmed by our medical team within 3ΓÇô5 days.[0m
      [36m</p>[39m
    [36m</div>[39m
  [36m</div>[39m
[36m</body>[39m
[90m [2mΓ¥»[22m Object.getElementError node_modules/@testing-library/dom/dist/config.js:[2m37:19[22m[39m
[90m [2mΓ¥»[22m getElementError node_modules/@testing-library/dom/dist/query-helpers.js:[2m20:35[22m[39m
[90m [2mΓ¥»[22m getMultipleElementsFoundError node_modules/@testing-library/dom/dist/query-helpers.js:[2m23:10[22m[39m
[90m [2mΓ¥»[22m node_modules/@testing-library/dom/dist/query-helpers.js:[2m55:13[22m[39m
[90m [2mΓ¥»[22m node_modules/@testing-library/dom/dist/query-helpers.js:[2m95:19[22m[39m
[36m [2mΓ¥»[22m tests/design-system/components/organisms/CostEstimator.test.tsx:[2m27:19[22m[39m
    [90m 25| [39m    [35mconst[39m select [33m=[39m screen[33m.[39m[34mgetByLabelText[39m([36m/treatment/i[39m)[33m;[39m
    [90m 26| [39m    [35mawait[39m userEvent[33m.[39m[34mselectOptions[39m(select[33m,[39m [32m'knee'[39m)[33m;[39m
    [90m 27| [39m    [34mexpect[39m(screen[33m.[39m[34mgetByText[39m([36m/\$3,000/[39m))[33m.[39m[34mtoBeInTheDocument[39m()[33m;[39m
    [90m   | [39m                  [31m^[39m
    [90m 28| [39m  })[33m;[39m
    [90m 29| [39m

[31m[2mΓÄ»ΓÄ»ΓÄ»ΓÄ»ΓÄ»ΓÄ»ΓÄ»ΓÄ»ΓÄ»ΓÄ»ΓÄ»ΓÄ»ΓÄ»ΓÄ»ΓÄ»ΓÄ»ΓÄ»ΓÄ»ΓÄ»ΓÄ»ΓÄ»ΓÄ»ΓÄ»ΓÄ»[5/7]ΓÄ»[22m[39m

[31m[1m[7m FAIL [27m[22m[39m tests/design-system/components/organisms/CostEstimator.test.tsx[2m > [22mCostEstimator[2m > [22muses getQuoteHref to build the quote CTA href
[31m[1mAssertionError[22m: expected "spy" to be called with arguments: [ 'Knee Replacement', 3700 ][90m

Received: 

[1m  1st spy call:

[22m[2m  Array [[22m
[32m-   "Knee Replacement",[90m
[32m-   3700,[90m
[31m+   "Cardiac Surgery",[90m
[31m+   3500,[90m
[2m  ][22m

[1m  2nd spy call:

[22m[2m  Array [[22m
[2m    "Knee Replacement",[22m
[32m-   3700,[90m
[31m+   3000,[90m
[2m  ][22m
[31m[90m

Number of calls: [1m2[22m
[31m[39m
[36m [2mΓ¥»[22m tests/design-system/components/organisms/CostEstimator.test.tsx:[2m40:26[22m[39m
    [90m 38| [39m    )[33m;[39m
    [90m 39| [39m    [35mawait[39m userEvent[33m.[39m[34mselectOptions[39m(screen[33m.[39m[34mgetByLabelText[39m([36m/treatment/i[39m)[33m,[39mΓÇª
    [90m 40| [39m    [34mexpect[39m(getQuoteHref)[33m.[39m[34mtoHaveBeenCalledWith[39m([32m'Knee Replacement'[39m[33m,[39m [34m3700[39mΓÇª
    [90m   | [39m                         [31m^[39m
    [90m 41| [39m    [34mexpect[39m(screen[33m.[39m[34mgetByRole[39m([32m'link'[39m[33m,[39m { name[33m:[39m [36m/get a personalized quote/[39mΓÇª
    [90m 42| [39m      [32m'href'[39m[33m,[39m

[31m[2mΓÄ»ΓÄ»ΓÄ»ΓÄ»ΓÄ»ΓÄ»ΓÄ»ΓÄ»ΓÄ»ΓÄ»ΓÄ»ΓÄ»ΓÄ»ΓÄ»ΓÄ»ΓÄ»ΓÄ»ΓÄ»ΓÄ»ΓÄ»ΓÄ»ΓÄ»ΓÄ»ΓÄ»[6/7]ΓÄ»[22m[39m

[31m[1m[7m FAIL [27m[22m[39m tests/design-system/components/organisms/CostEstimator.test.tsx[2m > [22mCostEstimator[2m > [22mfalls back to fallbackQuoteHref when getQuoteHref is not 
provided
[31m[1mTestingLibraryElementError[22m[39m: Unable to find an accessible element with the role "link" and name `/get a personalized quote/i`

Here are the accessible roles:

  heading:

  Name "Estimate your trip cost":
  [36m<h3[39m
    [33mclass[39m=[32m"mb-6 text-2xl font-semibold"[39m
  [36m/>[39m

  --------------------------------------------------
  combobox:

  Name "Treatment":
  [36m<select[39m
    [33mclass[39m=[32m"flex w-full appearance-none rounded-base border border-border-default bg-bg-default px-3 py-2 pr-8 text-base text-text-primary focus-visible:border-border-focus 
focus-visible:outline-none focus-visible:ring-1 focus-visible:ring-border-focus disabled:cursor-not-allowed disabled:opacity-50"[39m
    [33mid[39m=[32m"est-treatment"[39m
  [36m/>[39m

  Name "Accommodation":
  [36m<select[39m
    [33mclass[39m=[32m"flex w-full appearance-none rounded-base border border-border-default bg-bg-default px-3 py-2 pr-8 text-base text-text-primary focus-visible:border-border-focus 
focus-visible:outline-none focus-visible:ring-1 focus-visible:ring-border-focus disabled:cursor-not-allowed disabled:opacity-50"[39m
    [33mid[39m=[32m"est-accommodation"[39m
  [36m/>[39m

  --------------------------------------------------
  option:

  Name "Cardiac Surgery ΓÇö $3,000":
  [36m<option[39m
    [33mvalue[39m=[32m"cardiac"[39m
  [36m/>[39m

  Name "Knee Replacement ΓÇö $2,500":
  [36m<option[39m
    [33mvalue[39m=[32m"knee"[39m
  [36m/>[39m

  Name "Budget Stay ΓÇö $500":
  [36m<option[39m
    [33mvalue[39m=[32m"budget"[39m
  [36m/>[39m

  Name "Comfort Stay ΓÇö $1,200":
  [36m<option[39m
    [33mvalue[39m=[32m"comfort"[39m
  [36m/>[39m

  --------------------------------------------------
  paragraph:

  Name "":
  [36m<p[39m
    [33mclass[39m=[32m"text-sm text-text-muted"[39m
  [36m/>[39m

  Name "":
  [36m<p[39m
    [33mclass[39m=[32m"text-4xl font-bold text-primary-600"[39m
  [36m/>[39m

  Name "":
  [36m<p[39m
    [33mclass[39m=[32m"mt-4 text-center text-sm text-text-muted"[39m
  [36m/>[39m

  --------------------------------------------------
  link:

  Name "Get a detailed quote":
  [36m<a[39m
    [33mclass[39m=[32m"inline-flex items-center justify-center gap-2 rounded-card font-medium transition-[background-color,color,opacity,box-shadow] duration-fast ease-out-expo 
focus-visible:outline-none focus-visible:ring-2 focus-visible:ring-offset-2 focus-visible:ring-accent-violet disabled:pointer-events-none disabled:opacity-50 bg-ink text-white 
hover:bg-ink-strong h-12 px-8 text-lg"[39m
    [33mhref[39m=[32m"/contact"[39m
  [36m/>[39m

  --------------------------------------------------

Ignored nodes: comments, script, style
[36m<body>[39m
  [36m<div>[39m
    [36m<div[39m
      [33mclass[39m=[32m"rounded-2xl border border-border-default bg-bg-subtle p-6 shadow-base md:p-8"[39m
    [36m>[39m
      [36m<h3[39m
        [33mclass[39m=[32m"mb-6 text-2xl font-semibold"[39m
      [36m>[39m
        [0mEstimate your trip cost[0m
      [36m</h3>[39m
      [36m<div[39m
        [33mclass[39m=[32m"mb-6 grid gap-4 md:grid-cols-2"[39m
      [36m>[39m
        [36m<div[39m
          [33mclass[39m=[32m"space-y-2"[39m
        [36m>[39m
          [36m<label[39m
            [33mclass[39m=[32m"text-sm font-medium"[39m
            [33mfor[39m=[32m"est-treatment"[39m
          [36m>[39m
            [0mTreatment[0m
          [36m</label>[39m
          [36m<div[39m
            [33mclass[39m=[32m"relative"[39m
          [36m>[39m
            [36m<select[39m
              [33mclass[39m=[32m"flex w-full appearance-none rounded-base border border-border-default bg-bg-default px-3 py-2 pr-8 text-base text-text-primary 
focus-visible:border-border-focus focus-visible:outline-none focus-visible:ring-1 focus-visible:ring-border-focus disabled:cursor-not-allowed disabled:opacity-50"[39m
              [33mid[39m=[32m"est-treatment"[39m
[2m Test Files [22m [1m[31m4 failed[39m[22m[2m | [22m[1m[32m5 passed[39m[22m[90m (9)[39m
[2m      Tests [22m [1m[31m6 failed[39m[22m[2m | [22m[1m[32m38 passed[39m[22m[90m (44)[39m
[2m   Start at [22m 00:47:36
[2m   Duration [22m 10.92s[2m (transform 966ms, setup 5.55s, collect 4.05s, tests 2.14s, environment 30.01s, prepare 3.96s)[22m

            [36m>[39m
              [36m<option[39m
                [33mvalue[39m=[32m"cardiac"[39m
              [36m>[39m
                [0mCardiac Surgery[0m
                [0m ΓÇö $[0m
                [0m3,000[0m
              [36m</option>[39m
              [36m<option[39m
                [33mvalue[39m=[32m"knee"[39m
              [36m>[39m
                [0mKnee Replacement[0m
                [0m ΓÇö $[0m
                [0m2,500[0m
              [36m</option>[39m
            [36m</select>[39m
            [36m<span[39m
              [33mclass[39m=[32m"pointer-events-none absolute right-3 top-1/2 -translate-y-1/2 text-text-muted"[39m
            [36m>[39m
              [0mΓû╝[0m
            [36m</span>[39m
          [36m</div>[39m
        [36m</div>[39m
        [36m<div[39m
          [33mclass[39m=[32m"space-y-2"[39m
        [36m>[39m
          [36m<label[39m
            [33mclass[39m=[32m"text-sm font-medium"[39m
            [33mfor[39m=[32m"est-accommodation"[39m
          [36m>[39m
            [0mAccommodation[0m
          [36m</label>[39m
          [36m<div[39m
            [33mclass[39m=[32m"relative"[39m
          [36m>[39m
            [36m<select[39m
              [33mclass[39m=[32m"flex w-full appearance-none rounded-base border border-border-default bg-bg-default px-3 py-2 pr-8 text-base text-text-primary 
focus-visible:border-border-focus focus-visible:outline-none focus-visible:ring-1 focus-visible:ring-border-focus disabled:cursor-not-allowed disabled:opacity-50"[39m
              [33mid[39m=[32m"est-accommodation"[39m
            [36m>[39m
              [36m<option[39m
                [33mvalue[39m=[32m"budget"[39m
              [36m>[39m
                [0mBudget Stay[0m
                [0m ΓÇö $[0m
                [0m500[0m
              [36m</option>[39m
              [36m<option[39m
                [33mvalue[39m=[32m"comfort"[39m
              [36m>[39m
                [0mComfort Stay[0m
                [0m ΓÇö $[0m
                [0m1,200[0m
              [36m</option>[39m
            [36m</select>[39m
            [36m<span[39m
              [33mclass[39m=[32m"pointer-events-none absolute right-3 top-1/2 -translate-y-1/2 text-text-muted"[39m
            [36m>[39m
              [0mΓû╝[0m
            [36m</span>[39m
          [36m</div>[39m
        [36m</div>[39m
      [36m</div>[39m
      [36m<div[39m
        [33mclass[39m=[32m"flex flex-col items-center justify-between gap-4 rounded-xl bg-white p-6 sm:flex-row"[39m
      [36m>[39m
        [36m<div>[39m
          [36m<p[39m
            [33mclass[39m=[32m"text-sm text-text-muted"[39m
          [36m>[39m
            [0mEstimated total[0m
          [36m</p>[39m
          [36m<p[39m
            [33mclass[39m=[32m"text-4xl font-bold text-primary-600"[39m
          [36m>[39m
            [0m$[0m
            [0m3,500[0m
          [36m</p>[39m
        [36m</div>[39m
        [36m<a[39m
          [33mclass[39m=[32m"inline-flex items-center justify-center gap-2 rounded-card font-medium transition-[background-color,color,opacity,box-shadow] duration-fast ease-out-expo 
focus-visible:outline-none focus-visible:ring-2 focus-visible:ring-offset-2 focus-visible:ring-accent-violet disabled:pointer-events-none disabled:opacity-50 bg-ink text-white 
hover:bg-ink-strong h-12 px-8 text-lg"[39m
          [33mhref[39m=[32m"/contact"[39m
        [36m>[39m
          [0mGet a detailed quote[0m
        [36m</a>[39m
      [36m</div>[39m
      [36m<p[39m
        [33mclass[39m=[32m"mt-4 text-center text-sm text-text-muted"[39m
      [36m>[39m
        [0mThis is an estimate only. Your final cost breakdown is confirmed by our medical team within 3ΓÇô5 days.[0m
      [36m</p>[39m
    [36m</div>[39m
  [36m</div>[39m
[36m</body>[39m
[90m [2mΓ¥»[22m Object.getElementError node_modules/@testing-library/dom/dist/config.js:[2m37:19[22m[39m
[90m [2mΓ¥»[22m node_modules/@testing-library/dom/dist/query-helpers.js:[2m76:38[22m[39m
[90m [2mΓ¥»[22m node_modules/@testing-library/dom/dist/query-helpers.js:[2m52:17[22m[39m
[90m [2mΓ¥»[22m node_modules/@testing-library/dom/dist/query-helpers.js:[2m95:19[22m[39m
[36m [2mΓ¥»[22m tests/design-system/components/organisms/CostEstimator.test.tsx:[2m55:19[22m[39m
    [90m 53| [39m      [33m/[39m[33m>[39m
    [90m 54| [39m    )[33m;[39m
    [90m 55| [39m    [34mexpect[39m(screen[33m.[39m[34mgetByRole[39m([32m'link'[39m[33m,[39m { name[33m:[39m [36m/get a personalized quote/[39mΓÇª
    [90m   | [39m                  [31m^[39m
    [90m 56| [39m      [32m'href'[39m[33m,[39m
    [90m 57| [39m      [32m'/contact'[39m

[31m[2mΓÄ»ΓÄ»ΓÄ»ΓÄ»ΓÄ»ΓÄ»ΓÄ»ΓÄ»ΓÄ»ΓÄ»ΓÄ»ΓÄ»ΓÄ»ΓÄ»ΓÄ»ΓÄ»ΓÄ»ΓÄ»ΓÄ»ΓÄ»ΓÄ»ΓÄ»ΓÄ»ΓÄ»[7/7]ΓÄ»[22m[39m

